[INFO ] 2026-07-22 15:23:07.228 [main] Automation_Practice - Url open..!
[INFO ] 2026-07-22 15:23:14.211 [main] Automation_Practice - Clicked on sign up link
[INFO ] 2026-07-22 15:23:16.730 [main] Automation_Practice - Clicked on sign up button
[INFO ] 2026-07-22 15:23:17.813 [main] Automation_Practice - Clicked on Title
[INFO ] 2026-07-22 15:23:23.665 [main] Automation_Practice - Account created
[INFO ] 2026-07-22 15:34:23.698 [main] Automation_Practice - Url open..!
[INFO ] 2026-07-22 15:34:33.190 [main] Automation_Practice - Clicked on sign up link
[INFO ] 2026-07-22 15:34:37.649 [main] Automation_Practice - Clicked on sign up button
[INFO ] 2026-07-22 15:34:38.103 [main] Automation_Practice - Clicked on Title
[INFO ] 2026-07-22 15:34:42.980 [main] Automation_Practice - Account created
[INFO ] 2026-07-22 15:36:31.935 [main] Automation_Practice - Url open..!
[INFO ] 2026-07-22 15:36:41.459 [main] Automation_Practice - Clicked on sign up link
[INFO ] 2026-07-22 15:36:45.684 [main] Automation_Practice - Clicked on sign up button
[INFO ] 2026-07-22 15:36:46.387 [main] Automation_Practice - Clicked on Title
[INFO ] 2026-07-22 15:36:50.760 [main] Automation_Practice - Account created
[INFO ] 2026-07-22 15:50:54.190 [main] Automation_Practice - Url open..!
[INFO ] 2026-07-22 15:51:01.216 [main] Automation_Practice - Clicked on sign up link
[INFO ] 2026-07-22 15:51:06.613 [main] Automation_Practice - Clicked on sign up button
[INFO ] 2026-07-22 15:51:07.055 [main] Automation_Practice - Clicked on Title
[INFO ] 2026-07-22 15:51:10.867 [main] Automation_Practice - Account created
[INFO ] 2026-07-22 15:59:54.032 [main] Automation_Practice - Url open..!
[INFO ] 2026-07-22 16:00:02.585 [main] Automation_Practice - Clicked on sign up link
[INFO ] 2026-07-22 16:00:03.333 [main] Automation_Practice - Clicked on sign up button
[INFO ] 2026-07-22 16:00:07.089 [main] Automation_Practice - Clicked on Title
[INFO ] 2026-07-22 16:00:10.213 [main] Automation_Practice - Account created
[INFO ] 2026-07-22 21:36:12.449 [main] Automation_Practice - Url open..!
[INFO ] 2026-07-22 21:36:26.801 [main] Automation_Practice - Clicked on sign up link
[INFO ] 2026-07-22 21:36:33.844 [main] Automation_Practice - Clicked on sign up button
[INFO ] 2026-07-22 21:36:35.337 [main] Automation_Practice - Clicked on Title
[INFO ] 2026-07-22 21:36:39.928 [main] Automation_Practice - Account created
[INFO ] 2026-07-22 21:59:07.221 [main] Automation_Practice - Url open..!
[INFO ] 2026-07-22 21:59:17.525 [main] Automation_Practice - Clicked on sign up link
[INFO ] 2026-07-22 21:59:21.910 [main] Automation_Practice - Clicked on sign up button
[INFO ] 2026-07-22 21:59:22.433 [main] Automation_Practice - Clicked on Title
[INFO ] 2026-07-22 21:59:26.080 [main] Automation_Practice - Account created
[INFO ] 2026-07-22 22:04:29.512 [main] Automation_Practice - Url open..!
[INFO ] 2026-07-22 22:04:41.832 [main] Automation_Practice - Clicked on sign up link
[INFO ] 2026-07-22 22:04:50.112 [main] Automation_Practice - Clicked on sign up button
[INFO ] 2026-07-22 22:04:50.975 [main] Automation_Practice - Clicked on Title
[INFO ] 2026-07-22 22:05:03.877 [main] Automation_Practice - Account created
[INFO ] 2026-07-22 22:05:51.013 [main] Automation_Practice - Clicked on continue button
[INFO ] 2026-07-22 22:09:53.729 [main] Automation_Practice - Url open..!
[INFO ] 2026-07-22 22:10:01.860 [main] Automation_Practice - Clicked on sign up link
[INFO ] 2026-07-22 22:10:12.057 [main] Automation_Practice - Clicked on sign up button
[INFO ] 2026-07-22 22:10:12.981 [main] Automation_Practice - Clicked on Title
[INFO ] 2026-07-22 22:10:23.686 [main] Automation_Practice - Account created
[INFO ] 2026-07-22 22:10:30.859 [main] Automation_Practice - Clicked on continue button
[INFO ] 2026-07-22 22:12:16.462 [main] Automation_Practice - Url open..!
[INFO ] 2026-07-22 22:12:27.610 [main] Automation_Practice - Clicked on sign up link
[INFO ] 2026-07-22 22:12:32.205 [main] Automation_Practice - Clicked on sign up button
[INFO ] 2026-07-22 22:12:35.362 [main] Automation_Practice - Clicked on Title
[INFO ] 2026-07-22 22:12:48.791 [main] Automation_Practice - Account created
[INFO ] 2026-07-22 22:13:37.427 [main] Automation_Practice - Clicked on continue button
[INFO ] 2026-07-22 22:18:15.021 [main] Automation_Practice - Url open..!
[INFO ] 2026-07-22 22:18:24.788 [main] Automation_Practice - Clicked on sign up link
[INFO ] 2026-07-22 22:18:47.724 [main] Automation_Practice - Clicked on sign up button
[INFO ] 2026-07-22 22:18:48.913 [main] Automation_Practice - Clicked on Title
[INFO ] 2026-07-22 22:19:03.734 [main] Automation_Practice - Account created
[INFO ] 2026-07-22 22:19:04.170 [main] Automation_Practice - Clicked on continue button
[INFO ] 2026-07-22 22:25:02.125 [main] Automation_Practice - Url open..!
[INFO ] 2026-07-22 22:25:13.480 [main] Automation_Practice - Clicked on sign up link
[INFO ] 2026-07-22 22:25:18.024 [main] Automation_Practice - Clicked on sign up button
[INFO ] 2026-07-22 22:25:21.164 [main] Automation_Practice - Clicked on Title
[INFO ] 2026-07-22 22:25:28.656 [main] Automation_Practice - Account created
[INFO ] 2026-07-27 20:04:04.133 [main] Automation_Practice - Url open..!
[INFO ] 2026-07-27 20:04:15.493 [main] Automation_Practice - Clicked on sign up link
[INFO ] 2026-07-27 20:04:19.583 [main] Automation_Practice - Clicked on sign up button
[INFO ] 2026-07-27 20:04:20.131 [main] Automation_Practice - Clicked on Title
[INFO ] 2026-07-27 20:04:28.150 [main] Automation_Practice - Account created
[INFO ] 2026-07-27 20:04:32.429 [main] Automation_Practice - Clicked on continue button
[INFO ] 2026-07-27 20:15:16.772 [main] Automation_Practice - Url open..!
[INFO ] 2026-07-27 20:15:28.160 [main] Automation_Practice - Clicked on sign up link
[INFO ] 2026-07-27 20:15:31.243 [main] Automation_Practice - Clicked on sign up button
[INFO ] 2026-07-27 20:15:32.425 [main] Automation_Practice - Clicked on Title
[INFO ] 2026-07-27 20:15:39.045 [main] Automation_Practice - Account created
[INFO ] 2026-07-27 20:15:42.278 [main] Automation_Practice - Clicked on continue button
[INFO ] 2026-07-27 20:18:07.745 [main] Automation_Practice - Url open..!
[INFO ] 2026-07-27 20:18:16.424 [main] Automation_Practice - Clicked on sign up link
[INFO ] 2026-07-27 20:18:18.804 [main] Automation_Practice - Clicked on sign up button
[INFO ] 2026-07-27 20:18:19.240 [main] Automation_Practice - Clicked on Title
[INFO ] 2026-07-27 20:18:24.851 [main] Automation_Practice - Account created
[INFO ] 2026-07-27 20:18:29.136 [main] Automation_Practice - Clicked on continue button
[INFO ] 2026-07-27 20:32:24.704 [main] Automation_Practice - Url open..!
[INFO ] 2026-07-27 20:32:35.413 [main] Automation_Practice - Clicked on sign up link
[INFO ] 2026-07-27 20:32:39.004 [main] Automation_Practice - Clicked on sign up button
[INFO ] 2026-07-27 20:32:40.565 [main] Automation_Practice - Clicked on Title
[INFO ] 2026-07-27 20:32:48.687 [main] Automation_Practice - Account created
[INFO ] 2026-07-27 20:32:49.270 [main] Automation_Practice - Clicked on continue button
[INFO ] 2026-07-28 11:43:21.380 [main] Automation_Practice - Url open..!
[INFO ] 2026-07-28 11:43:29.435 [main] Automation_Practice - Clicked on sign up link
[INFO ] 2026-07-28 11:43:31.617 [main] Automation_Practice - Clicked on sign up button
[INFO ] 2026-07-28 11:43:32.098 [main] Automation_Practice - Clicked on Title
[INFO ] 2026-07-28 11:43:38.090 [main] Automation_Practice - Account created
[INFO ] 2026-07-28 11:43:41.368 [main] Automation_Practice - Clicked on continue button
[INFO ] 2026-07-28 12:08:44.164 [main] Automation_Practice - Url open..!
[INFO ] 2026-07-28 12:08:52.201 [main] Automation_Practice - Clicked on sign up link
[INFO ] 2026-07-28 12:08:55.107 [main] Automation_Practice - Clicked on sign up button
[INFO ] 2026-07-28 12:08:55.507 [main] Automation_Practice - Clicked on Title
[INFO ] 2026-07-28 12:09:01.773 [main] Automation_Practice - Account created
[INFO ] 2026-07-28 12:09:04.902 [main] Automation_Practice - Clicked on continue button
[INFO ] 2026-07-28 17:26:40.919 [main] Automation_Practice - Url open..!
[INFO ] 2026-07-28 17:26:58.839 [main] Automation_Practice - Clicked on sign up link
[INFO ] 2026-07-28 17:27:03.713 [main] Automation_Practice - Clicked on sign up button
[INFO ] 2026-07-28 17:27:04.278 [main] Automation_Practice - Clicked on Title
[INFO ] 2026-07-28 17:27:14.529 [main] Automation_Practice - Account created
[INFO ] 2026-07-28 17:27:15.540 [main] Automation_Practice - Clicked on continue button
[INFO ] 2026-07-28 17:27:56.237 [main] Automation_Practice - Url open..!
[INFO ] 2026-07-28 17:28:04.753 [main] Automation_Practice - Clicked on sign up link
[INFO ] 2026-07-28 17:28:07.852 [main] Automation_Practice - Clicked on sign up button
[INFO ] 2026-07-28 17:28:08.241 [main] Automation_Practice - Clicked on Title
[INFO ] 2026-07-28 17:28:16.053 [main] Automation_Practice - Account created
[INFO ] 2026-07-28 17:28:16.576 [main] Automation_Practice - Clicked on continue button
[INFO ] 2026-07-28 17:51:50.968 [main] Automation_Practice - Url open..!
[INFO ] 2026-07-28 17:52:00.162 [main] Automation_Practice - Clicked on sign up link
[INFO ] 2026-07-28 17:52:03.569 [main] Automation_Practice - Clicked on sign up button
[INFO ] 2026-07-28 17:52:04.032 [main] Automation_Practice - Clicked on Title
[INFO ] 2026-07-28 17:52:12.430 [main] Automation_Practice - Account created
[INFO ] 2026-07-28 17:52:12.837 [main] Automation_Practice - Clicked on continue button
[INFO ] 2026-07-28 17:59:47.810 [main] Automation_Practice - Url open..!
[INFO ] 2026-07-28 18:01:41.086 [main] Automation_Practice - Url open..!
[INFO ] 2026-07-28 18:04:05.558 [main] Automation_Practice - Url open..!
[INFO ] 2026-07-28 18:04:14.420 [main] Automation_Practice - Clicked on sign up link
[INFO ] 2026-07-28 18:04:18.050 [main] Automation_Practice - Clicked on sign up button
[INFO ] 2026-07-28 18:04:18.518 [main] Automation_Practice - Clicked on Title
[INFO ] 2026-07-28 18:04:26.302 [main] Automation_Practice - Account created
[INFO ] 2026-07-28 18:04:26.735 [main] Automation_Practice - Clicked on continue button
[INFO ] 2026-07-28 18:05:23.908 [main] Automation_Practice - Url open..!
[INFO ] 2026-07-28 18:07:46.563 [main] Automation_Practice - Url open..!
[INFO ] 2026-07-28 18:09:36.932 [main] Automation_Practice - Url open..!
[INFO ] 2026-07-28 18:14:12.588 [main] Automation_Practice - Url open..!
[INFO ] 2026-07-28 18:14:22.268 [main] Automation_Practice - Clicked on sign up link
[INFO ] 2026-07-28 18:14:26.290 [main] Automation_Practice - Clicked on sign up button
[INFO ] 2026-07-28 18:14:26.755 [main] Automation_Practice - Clicked on Title
[INFO ] 2026-07-28 18:14:35.885 [main] Automation_Practice - Account created
[INFO ] 2026-07-28 18:15:21.842 [main] Automation_Practice - Clicked on continue button
[INFO ] 2026-07-28 18:17:30.452 [main] Automation_Practice - Url open..!
[INFO ] 2026-07-28 18:17:40.813 [main] Automation_Practice - Clicked on sign up link
[INFO ] 2026-07-28 18:17:41.978 [main] Automation_Practice - Clicked on sign up button
[INFO ] 2026-07-28 18:17:45.159 [main] Automation_Practice - Clicked on Title
[INFO ] 2026-07-28 18:17:53.484 [main] Automation_Practice - Account created
[INFO ] 2026-07-28 18:17:59.588 [main] Automation_Practice - Clicked on continue button
[INFO ] 2026-07-28 18:20:26.250 [main] Automation_Practice - Url open..!
[INFO ] 2026-07-28 18:20:35.430 [main] Automation_Practice - Clicked on sign up link
[INFO ] 2026-07-28 18:20:39.112 [main] Automation_Practice - Clicked on sign up button
[INFO ] 2026-07-28 18:20:39.546 [main] Automation_Practice - Clicked on Title
[INFO ] 2026-07-28 18:20:47.882 [main] Automation_Practice - Account created
[INFO ] 2026-07-28 18:20:51.783 [main] Automation_Practice - Clicked on continue button
[INFO ] 2026-07-28 18:41:26.799 [main] Automation_Practice - Url open..!
[INFO ] 2026-07-28 18:41:38.253 [main] Automation_Practice - Clicked on sign up link
[INFO ] 2026-07-28 18:41:43.404 [main] Automation_Practice - Clicked on sign up button
[INFO ] 2026-07-28 18:41:45.146 [main] Automation_Practice - Clicked on Title
[INFO ] 2026-07-28 18:41:54.499 [main] Automation_Practice - Account created
[INFO ] 2026-07-28 18:48:18.807 [main] Automation_Practice - Url open..!
[INFO ] 2026-07-29 10:28:47.971 [main] Automation_Practice - Url open..!
[INFO ] 2026-07-29 10:28:55.407 [main] Automation_Practice - Clicked on sign up link
[INFO ] 2026-07-29 10:28:57.249 [main] Automation_Practice - Clicked on sign up button
[INFO ] 2026-07-29 10:28:57.734 [main] Automation_Practice - Clicked on Title
[INFO ] 2026-07-29 10:29:03.756 [main] Automation_Practice - Account created
[INFO ] 2026-07-29 10:29:06.414 [main] Automation_Practice - Clicked on continue button
[INFO ] 2026-07-29 10:31:40.747 [main] Automation_Practice - Url open..!
[INFO ] 2026-07-29 10:31:48.417 [main] Automation_Practice - Clicked on sign up link
[INFO ] 2026-07-29 10:31:50.552 [main] Automation_Practice - Clicked on sign up button
[INFO ] 2026-07-29 10:31:51.118 [main] Automation_Practice - Clicked on Title
[INFO ] 2026-07-29 10:31:58.811 [main] Automation_Practice - Account created
[INFO ] 2026-07-29 10:32:01.629 [main] Automation_Practice - Clicked on continue button
[INFO ] 2026-07-29 10:33:55.754 [main] Automation_Practice - Url open..!
[INFO ] 2026-07-29 10:34:03.090 [main] Automation_Practice - Clicked on sign up link
[INFO ] 2026-07-29 10:34:05.163 [main] Automation_Practice - Clicked on sign up button
[INFO ] 2026-07-29 10:34:05.689 [main] Automation_Practice - Clicked on Title
[INFO ] 2026-07-29 10:34:12.137 [main] Automation_Practice - Account created
[INFO ] 2026-07-29 10:34:14.621 [main] Automation_Practice - Clicked on continue button
[INFO ] 2026-07-29 12:00:20.290 [main] Automation_Practice - Url open..!
[INFO ] 2026-07-29 12:00:30.004 [main] Automation_Practice - Clicked on sign up link
[INFO ] 2026-07-29 12:00:30.562 [main] Automation_Practice - Clicked on sign up button
[INFO ] 2026-07-29 12:00:34.715 [main] Automation_Practice - Clicked on Title
[INFO ] 2026-07-29 12:00:46.549 [main] Automation_Practice - Account created
[INFO ] 2026-07-29 12:00:52.626 [main] Automation_Practice - Clicked on continue button
[INFO ] 2026-07-29 12:50:25.991 [main] Automation_Practice - Url open..!
[INFO ] 2026-07-29 12:50:32.230 [main] Automation_Practice - Clicked on sign up link
[INFO ] 2026-07-29 12:50:36.076 [main] Automation_Practice - Clicked on sign up button
[INFO ] 2026-07-29 12:50:36.522 [main] Automation_Practice - Clicked on Title
[INFO ] 2026-07-29 12:50:44.816 [main] Automation_Practice - Account created
[INFO ] 2026-07-29 12:50:53.502 [main] Automation_Practice - Clicked on continue button
[INFO ] 2026-07-29 13:01:19.910 [main] Automation_Practice - Url open..!
[INFO ] 2026-07-29 13:01:34.924 [main] Automation_Practice - Clicked on sign up link
[INFO ] 2026-07-29 13:01:43.857 [main] Automation_Practice - Clicked on sign up button
[INFO ] 2026-07-29 13:01:45.299 [main] Automation_Practice - Clicked on Title
[INFO ] 2026-07-29 13:02:01.084 [main] Automation_Practice - Account created
[INFO ] 2026-07-29 13:02:01.412 [main] Automation_Practice - Clicked on continue button
[INFO ] 2026-07-29 13:07:44.578 [main] Automation_Practice - Url open..!
[INFO ] 2026-07-29 13:07:57.785 [main] Automation_Practice - Clicked on sign up link
[INFO ] 2026-07-29 13:08:18.359 [main] Automation_Practice - Clicked on sign up button
[INFO ] 2026-07-29 13:08:19.591 [main] Automation_Practice - Clicked on Title
[INFO ] 2026-07-29 13:08:33.183 [main] Automation_Practice - Account created
[INFO ] 2026-07-29 13:08:37.311 [main] Automation_Practice - Clicked on continue button
[INFO ] 2026-07-29 13:51:54.069 [main] Automation_Practice - Url open..!
[INFO ] 2026-07-29 13:52:00.642 [main] Automation_Practice - -------------------------testcase1 Started --------------------------
[INFO ] 2026-07-29 13:52:05.456 [main] Automation_Practice - Clicked on sign up link
[INFO ] 2026-07-29 13:52:55.574 [main] Automation_Practice - Clicked on sign up button
[INFO ] 2026-07-29 13:52:56.031 [main] Automation_Practice - Clicked on Title
[INFO ] 2026-07-29 13:53:06.186 [main] Automation_Practice - Account created
[INFO ] 2026-07-29 13:53:06.723 [main] Automation_Practice - Clicked on continue button
[INFO ] 2026-07-29 13:56:01.364 [main] Automation_Practice - Url open..!
[INFO ] 2026-07-29 13:56:09.535 [main] Automation_Practice - -------------------------testcase1 Started --------------------------
[INFO ] 2026-07-29 13:56:18.048 [main] Automation_Practice - Clicked on sign up link
[INFO ] 2026-07-29 13:56:20.216 [main] Automation_Practice - Clicked on sign up button
[INFO ] 2026-07-29 13:56:26.928 [main] Automation_Practice - Clicked on Title
[INFO ] 2026-07-29 13:56:41.283 [main] Automation_Practice - Account created
[INFO ] 2026-07-29 13:56:46.266 [main] Automation_Practice - Clicked on continue button
[INFO ] 2026-07-29 13:56:46.740 [main] Automation_Practice - verifing logged succesfully or not
[INFO ] 2026-07-29 13:59:01.494 [main] Automation_Practice - Url open..!
[INFO ] 2026-07-29 13:59:07.092 [main] Automation_Practice - -------------------------testcase1 Started --------------------------
[INFO ] 2026-07-29 13:59:10.677 [main] Automation_Practice - Clicked on sign up link
[INFO ] 2026-07-29 13:59:24.527 [main] Automation_Practice - Clicked on sign up button
[INFO ] 2026-07-29 13:59:25.099 [main] Automation_Practice - Clicked on Title
[INFO ] 2026-07-29 13:59:44.410 [main] Automation_Practice - Account created
[INFO ] 2026-07-29 14:00:30.192 [main] Automation_Practice - Clicked on continue button
[INFO ] 2026-07-29 14:00:30.250 [main] Automation_Practice - verifing logged succesfully
[INFO ] 2026-07-29 14:00:35.517 [main] Automation_Practice - click on delete account link
[INFO ] 2026-07-29 14:01:43.944 [main] Automation_Practice - Url open..!
[INFO ] 2026-07-29 14:06:58.166 [main] Automation_Practice - Url open..!
[INFO ] 2026-07-29 14:08:01.467 [main] Automation_Practice - -------------------------testcase1 Started --------------------------
[INFO ] 2026-07-29 14:08:20.419 [main] Automation_Practice - Clicked on sign up link
[INFO ] 2026-07-29 14:08:37.281 [main] Automation_Practice - Url open..!
[INFO ] 2026-07-29 14:18:44.504 [main] Automation_Practice - Url open..!
[INFO ] 2026-07-29 14:18:47.955 [main] Automation_Practice - -------------------------testcase1 Started --------------------------
[INFO ] 2026-07-29 14:18:51.328 [main] Automation_Practice - Clicked on sign up link
[INFO ] 2026-07-29 14:18:54.185 [main] Automation_Practice - Clicked on sign up button
[INFO ] 2026-07-29 14:18:54.929 [main] Automation_Practice - Clicked on Title
[INFO ] 2026-07-29 14:19:03.308 [main] Automation_Practice - Account created
[INFO ] 2026-07-29 14:19:07.902 [main] Automation_Practice - Clicked on continue button
[INFO ] 2026-07-29 14:19:07.948 [main] Automation_Practice - verifing logged succesfully
[INFO ] 2026-07-29 14:19:54.514 [main] Automation_Practice - click on delete account link
[INFO ] 2026-07-29 14:19:54.564 [main] Automation_Practice - click on delete account link
[INFO ] 2026-07-29 14:29:30.421 [main] Automation_Practice - Url open..!
[INFO ] 2026-07-29 14:29:35.993 [main] Automation_Practice - -------------------------testcase1 Started --------------------------
[INFO ] 2026-07-29 14:29:37.417 [main] Automation_Practice - Clicked on sign up link
[INFO ] 2026-07-29 14:29:39.980 [main] Automation_Practice - Clicked on sign up button
[INFO ] 2026-07-29 14:29:41.145 [main] Automation_Practice - Clicked on Title
[INFO ] 2026-07-29 14:29:50.918 [main] Automation_Practice - Account created
[INFO ] 2026-07-29 14:29:57.619 [main] Automation_Practice - Clicked on continue button
[INFO ] 2026-07-29 14:29:57.718 [main] Automation_Practice - verifing logged succesfully
[INFO ] 2026-07-29 14:30:00.016 [main] Automation_Practice - click on delete account link
[INFO ] 2026-07-29 14:30:00.063 [main] Automation_Practice - click on delete account link
[INFO ] 2026-07-29 14:30:00.063 [main] Automation_Practice - -------------------------testcase1 passed!!! --------------------------
[INFO ] 2026-07-29 14:32:00.284 [main] Automation_Practice - Url open..!
[INFO ] 2026-07-29 14:32:04.443 [main] Automation_Practice - -------------------------testcase1 Started --------------------------
[INFO ] 2026-07-29 14:32:06.482 [main] Automation_Practice - Clicked on sign up link
[INFO ] 2026-07-29 14:32:10.275 [main] Automation_Practice - Clicked on sign up button
[INFO ] 2026-07-29 14:32:10.884 [main] Automation_Practice - Clicked on Title
[INFO ] 2026-07-29 14:32:16.813 [main] Automation_Practice - Account created
[INFO ] 2026-07-29 14:32:21.738 [main] Automation_Practice - Clicked on continue button
[INFO ] 2026-07-29 14:32:21.802 [main] Automation_Practice - verifing logged succesfully
[INFO ] 2026-07-29 14:32:24.782 [main] Automation_Practice - click on delete account link
[INFO ] 2026-07-29 14:32:25.057 [main] Automation_Practice - click on delete account link
[INFO ] 2026-07-29 14:32:25.057 [main] Automation_Practice - -------------------------testcase1 passed!!! --------------------------
[INFO ] 2026-07-29 14:46:44.652 [main] Automation_Practice - Url open..!
[INFO ] 2026-07-29 14:46:46.233 [main] Automation_Practice - -------------------------testcase1 Started --------------------------
[INFO ] 2026-07-29 14:46:51.640 [main] Automation_Practice - Clicked on sign up link
[INFO ] 2026-07-29 14:46:54.249 [main] Automation_Practice - Clicked on sign up button
[INFO ] 2026-07-29 14:46:54.774 [main] Automation_Practice - Clicked on Title
[INFO ] 2026-07-29 14:47:01.120 [main] Automation_Practice - Account created
[INFO ] 2026-07-29 14:47:06.109 [main] Automation_Practice - Clicked on continue button
[INFO ] 2026-07-29 14:47:06.207 [main] Automation_Practice - verifing logged succesfully
[INFO ] 2026-07-29 14:47:09.456 [main] Automation_Practice - click on delete account link
[INFO ] 2026-07-29 14:47:09.531 [main] Automation_Practice - click on delete account link
[INFO ] 2026-07-29 14:47:15.233 [main] Automation_Practice - -------------------------testcase1 passed!!! --------------------------
[INFO ] 2026-07-29 14:48:45.480 [main] Automation_Practice - Url open..!
[INFO ] 2026-07-29 14:48:51.720 [main] Automation_Practice - -------------------------testcase1 Started --------------------------
[INFO ] 2026-07-29 14:48:55.258 [main] Automation_Practice - Clicked on sign up link
[INFO ] 2026-07-29 14:48:58.951 [main] Automation_Practice - Clicked on sign up button
[INFO ] 2026-07-29 14:48:59.392 [main] Automation_Practice - Clicked on Title
[INFO ] 2026-07-29 14:49:07.494 [main] Automation_Practice - Account created
[INFO ] 2026-07-29 14:49:17.074 [main] Automation_Practice - Clicked on continue button
[INFO ] 2026-07-29 14:49:17.191 [main] Automation_Practice - verifing logged succesfully
[INFO ] 2026-07-29 14:49:23.674 [main] Automation_Practice - click on delete account link
[INFO ] 2026-07-29 14:49:23.734 [main] Automation_Practice - click on delete account link
[INFO ] 2026-07-29 14:50:09.295 [main] Automation_Practice - ------testcase1 passed!!! -------------
[INFO ] 2026-07-29 14:53:03.183 [main] Automation_Practice - Url open..!
[INFO ] 2026-07-29 14:53:08.876 [main] Automation_Practice - -------------------------testcase1 Started --------------------------
[INFO ] 2026-07-29 14:53:17.168 [main] Automation_Practice - Clicked on sign up link
[INFO ] 2026-07-29 14:53:27.149 [main] Automation_Practice - Clicked on sign up button
[INFO ] 2026-07-29 14:53:28.072 [main] Automation_Practice - Clicked on Title
[INFO ] 2026-07-29 14:53:44.479 [main] Automation_Practice - Account created
[INFO ] 2026-07-29 14:54:30.282 [main] Automation_Practice - Clicked on continue button
[INFO ] 2026-07-29 14:54:30.343 [main] Automation_Practice - verifing logged succesfully
[INFO ] 2026-07-29 14:54:36.892 [main] Automation_Practice - click on delete account link
[INFO ] 2026-07-29 14:54:36.982 [main] Automation_Practice -  Accont deleted successfully
[INFO ] 2026-07-29 14:54:37.571 [main] Automation_Practice -  Click on Continur btn
[INFO ] 2026-07-29 14:54:37.572 [main] Automation_Practice - ------testcase1 passed!!! -------------
[INFO ] 2026-07-29 17:47:33.191 [main] Automation_Practice - Url open..!
[INFO ] 2026-07-29 17:47:34.658 [main] Automation_Practice - -------------------------testcase1 Started --------------------------
[INFO ] 2026-07-29 17:47:39.296 [main] Automation_Practice - Clicked on sign up link
[INFO ] 2026-07-29 17:47:41.110 [main] Automation_Practice - Clicked on sign up button
[INFO ] 2026-07-29 17:47:41.497 [main] Automation_Practice - Clicked on Title
[INFO ] 2026-07-29 17:47:47.760 [main] Automation_Practice - Account created
[INFO ] 2026-07-29 17:47:51.597 [main] Automation_Practice - Clicked on continue button
[INFO ] 2026-07-29 17:47:51.652 [main] Automation_Practice - verifing logged succesfully
[INFO ] 2026-07-29 17:47:53.595 [main] Automation_Practice - click on delete account link
[INFO ] 2026-07-29 17:47:53.674 [main] Automation_Practice -  Accont deleted successfully
[INFO ] 2026-07-29 17:47:57.263 [main] Automation_Practice -  Click on Continur btn
[INFO ] 2026-07-29 17:47:57.264 [main] Automation_Practice - ------testcase1 passed!!! -------------
